
> ergo-dashboard@1.5.0 test
> node tests/smoke-test.js


[34m╔════════════════════════════════════════════╗[0m
[34m║       Ergo Smoke Tests v1.0               ║[0m
[34m╠════════════════════════════════════════════╣[0m
[34m║   Mode: all                               ║[0m
[34m╚════════════════════════════════════════════╝[0m


[34m▸ 本地连通性测试[0m
  [90m[  ][0m 本地前端页面可访问...  [32m[✓][0m 本地前端页面可访问
  [90m[  ][0m 本地 /api/health 端点...  [32m[✓][0m 本地 /api/health 端点

[34m▸ 本地 API 认证测试[0m
  [90m[  ][0m 本地未认证请求返回 401...  [32m[✓][0m 本地未认证请求返回 401
  [90m[  ][0m 本地错误密钥返回 401...  [32m[✓][0m 本地错误密钥返回 401
  [90m[  ][0m 本地正确密钥返回数据...  [32m[✓][0m 本地正确密钥返回数据

[34m▸ 本地 API 端点测试[0m
  [90m[  ][0m 本地 GET /api/status...  [32m[✓][0m 本地 GET /api/status
  [90m[  ][0m 本地 GET /api/changelog...  [32m[✓][0m 本地 GET /api/changelog
  [90m[  ][0m 本地 GET /api/cron...  [32m[✓][0m 本地 GET /api/cron

[34m▸ 本地项目管理测试 (v1.4)[0m
  [90m[  ][0m 本地 GET /api/projects...  [32m[✓][0m 本地 GET /api/projects
  [90m[  ][0m 本地 项目健康状态正确...  [32m[✓][0m 本地 项目健康状态正确
  [90m[  ][0m 本地 GET /api/projects/:id...  [32m[✓][0m 本地 GET /api/projects/:id
  [90m[  ][0m 本地 读取项目状态文件...  [32m[✓][0m 本地 读取项目状态文件
  [90m[  ][0m 本地 PUT /api/projects/:id...  [32m[✓][0m 本地 PUT /api/projects/:id
  [90m[  ][0m 本地 项目路径字段存在...  [31m[✗][0m 本地 项目路径字段存在
      [31mError: Request timeout[0m
  [90m[  ][0m 本地 不存在的项目返回 404...  [32m[✓][0m 本地 不存在的项目返回 404

[34m▸ 本地数据结构测试[0m
  [90m[  ][0m 本地 Gateway 结构完整...  [32m[✓][0m 本地 Gateway 结构完整
  [90m[  ][0m 本地缓存元数据存在...  [32m[✓][0m 本地缓存元数据存在
  [90m[  ][0m 本地 Agents 结构正确...  [32m[✓][0m 本地 Agents 结构正确
  [90m[  ][0m 本地 Changelog 结构正确...  [32m[✓][0m 本地 Changelog 结构正确

[34m▸ 本地静态文件测试[0m
  [90m[  ][0m 本地 changelog.html 可访问...  [32m[✓][0m 本地 changelog.html 可访问

[34m▸ 本地缓存控制测试 (v1.5.1)[0m
  [90m[  ][0m 本地 index.html 禁用缓存...  [32m[✓][0m 本地 index.html 禁用缓存
  [90m[  ][0m 本地 projects-manage.html 禁用缓存...  [32m[✓][0m 本地 projects-manage.html 禁用缓存
  [90m[  ][0m 本地 dashboard.html 禁用缓存...  [32m[✓][0m 本地 dashboard.html 禁用缓存
  [90m[  ][0m 本地 changelog.html 禁用缓存...  [32m[✓][0m 本地 changelog.html 禁用缓存
  [90m[  ][0m 本地 assets/logo.png 允许缓存...  [32m[✓][0m 本地 assets/logo.png 允许缓存
  [90m[  ][0m 本地 src/realtime.js 允许缓存...  [32m[✓][0m 本地 src/realtime.js 允许缓存

[34m▸ 本地性能测试[0m
  [90m[  ][0m 本地 /api/health 响应 < 100ms...  [32m[✓][0m 本地 /api/health 响应 < 100ms
  [90m[  ][0m 本地 /api/status (缓存) < 200ms...  [32m[✓][0m 本地 /api/status (缓存) < 200ms

[34m▸ 本地错误处理测试[0m
  [90m[  ][0m 本地 404 返回首页...  [32m[✓][0m 本地 404 返回首页
  [90m[  ][0m 本地不存在的 API 返回错误...  [32m[✓][0m 本地不存在的 API 返回错误

[34m▸ 本地实时功能测试 (v1.5)[0m
  [90m[  ][0m 本地 POST /api/cron/:jobId/trigger 端点存在...  [32m[✓][0m 本地 POST /api/cron/:jobId/trigger 端点存在
  [90m[  ][0m 本地 WebSocket 升级路径可访问...  [32m[✓][0m 本地 WebSocket 升级路径可访问
  [90m[  ][0m 本地 src/realtime.js 可访问...  [32m[✓][0m 本地 src/realtime.js 可访问
  [90m[  ][0m 本地 src/notifications.js 可访问...  [32m[✓][0m 本地 src/notifications.js 可访问
  [90m[  ][0m 本地 dashboard.html 可访问...  [32m[✓][0m 本地 dashboard.html 可访问
  [90m[  ][0m 本地 首页包含 WebSocket 脚本...  [32m[✓][0m 本地 首页包含 WebSocket 脚本

[34m▸ 本地文件管理测试 (v1.6)[0m
  [90m[  ][0m 本地 GET /api/files/browse 浏览根目录...  [32m[✓][0m 本地 GET /api/files/browse 浏览根目录
  [90m[  ][0m 本地 GET /api/files/browse 浏览特定项目...  [32m[✓][0m 本地 GET /api/files/browse 浏览特定项目
  [90m[  ][0m 本地 GET /api/files/browse 路径遍历防护...  [32m[✓][0m 本地 GET /api/files/browse 路径遍历防护
  [90m[  ][0m 本地 GET /api/files/browse 不存在的目录...  [32m[✓][0m 本地 GET /api/files/browse 不存在的目录
  [90m[  ][0m 本地 GET /api/files/read 读取 package.json...  [32m[✓][0m 本地 GET /api/files/read 读取 package.json
  [90m[  ][0m 本地 GET /api/files/read 缺少 path 参数...  [32m[✓][0m 本地 GET /api/files/read 缺少 path 参数
  [90m[  ][0m 本地 GET /api/files/read 路径遍历防护...  [32m[✓][0m 本地 GET /api/files/read 路径遍历防护
  [90m[  ][0m 本地 GET /api/files/read 保护敏感文件...  [32m[✓][0m 本地 GET /api/files/read 保护敏感文件
  [90m[  ][0m 本地 GET /api/files/read 文件不存在...  [32m[✓][0m 本地 GET /api/files/read 文件不存在
  [90m[  ][0m 本地 GET /api/files/read 尝试读取目录...  [32m[✓][0m 本地 GET /api/files/read 尝试读取目录
  [90m[  ][0m 本地 GET /api/files/browse 无密钥访问...  [32m[✓][0m 本地 GET /api/files/browse 无密钥访问
  [90m[  ][0m 本地 GET /api/files/read 错误的密钥...  [32m[✓][0m 本地 GET /api/files/read 错误的密钥

[34m▸ 本地命令执行测试 (v1.6)[0m
  [90m[  ][0m 本地 POST /api/command/exec 执行简单命令...  [32m[✓][0m 本地 POST /api/command/exec 执行简单命令
  [90m[  ][0m 本地 POST /api/command/exec 执行 dir/ls 命令...  [32m[✓][0m 本地 POST /api/command/exec 执行 dir/ls 命令
  [90m[  ][0m 本地 POST /api/command/exec 拦截 rm -rf 命令...  [32m[✓][0m 本地 POST /api/command/exec 拦截 rm -rf 命令
  [90m[  ][0m 本地 POST /api/command/exec 拦截 sudo 命令...  [32m[✓][0m 本地 POST /api/command/exec 拦截 sudo 命令
  [90m[  ][0m 本地 POST /api/command/exec 拦截 shutdown 命令...  [32m[✓][0m 本地 POST /api/command/exec 拦截 shutdown 命令
  [90m[  ][0m 本地 POST /api/command/exec 路径遍历防护...  [32m[✓][0m 本地 POST /api/command/exec 路径遍历防护
  [90m[  ][0m 本地 POST /api/command/exec 工作目录不存在...  [32m[✓][0m 本地 POST /api/command/exec 工作目录不存在
  [90m[  ][0m 本地 POST /api/command/exec 缺少 command 参数...  [32m[✓][0m 本地 POST /api/command/exec 缺少 command 参数
  [90m[  ][0m 本地 POST /api/command/exec 命令执行失败返回非零...  [32m[✓][0m 本地 POST /api/command/exec 命令执行失败返回非零
  [90m[  ][0m 本地 POST /api/command/exec 无密钥访问...  [32m[✓][0m 本地 POST /api/command/exec 无密钥访问
  [90m[  ][0m 本地 POST /api/command/exec 错误的密钥...  [32m[✓][0m 本地 POST /api/command/exec 错误的密钥

[34m▸ 本地日志查看测试 (v1.6)[0m
  [90m[  ][0m 本地 GET /api/logs/tail 读取默认日志...  [32m[✓][0m 本地 GET /api/logs/tail 读取默认日志
  [90m[  ][0m 本地 GET /api/logs/tail 指定日志类型...  [32m[✓][0m 本地 GET /api/logs/tail 指定日志类型
  [90m[  ][0m 本地 GET /api/logs/tail 缺少 project 参数...  [32m[✓][0m 本地 GET /api/logs/tail 缺少 project 参数
  [90m[  ][0m 本地 GET /api/logs/tail 项目不存在...  [32m[✓][0m 本地 GET /api/logs/tail 项目不存在
  [90m[  ][0m 本地 GET /api/logs/tail 日志类型不存在...  [32m[✓][0m 本地 GET /api/logs/tail 日志类型不存在
  [90m[  ][0m 本地 GET /api/logs/download 下载日志文件...  [32m[✓][0m 本地 GET /api/logs/download 下载日志文件
  [90m[  ][0m 本地 GET /api/logs/download 缺少 project 参数...  [32m[✓][0m 本地 GET /api/logs/download 缺少 project 参数
  [90m[  ][0m 本地 GET /api/logs/tail 无密钥访问...  [32m[✓][0m 本地 GET /api/logs/tail 无密钥访问
  [90m[  ][0m 本地 GET /api/logs/download 错误的密钥...  [32m[✓][0m 本地 GET /api/logs/download 错误的密钥

[34m▸ 本地文件操作测试 (v1.6)[0m
  [90m[  ][0m 本地 PUT /api/files/update 创建新文件...  [32m[✓][0m 本地 PUT /api/files/update 创建新文件
  [90m[  ][0m 本地 PUT /api/files/update 更新现有文件并备份...  [32m[✓][0m 本地 PUT /api/files/update 更新现有文件并备份
  [90m[  ][0m 本地 PUT /api/files/update 缺少参数...  [32m[✓][0m 本地 PUT /api/files/update 缺少参数
  [90m[  ][0m 本地 PUT /api/files/update 拒绝修改保护文件...  [32m[✓][0m 本地 PUT /api/files/update 拒绝修改保护文件
  [90m[  ][0m 本地 POST /api/files/upload 上传新文件...  [32m[✓][0m 本地 POST /api/files/upload 上传新文件
  [90m[  ][0m 本地 POST /api/files/upload 缺少参数...  [32m[✓][0m 本地 POST /api/files/upload 缺少参数
  [90m[  ][0m 本地 POST /api/files/upload 文件名安全检查...  [32m[✓][0m 本地 POST /api/files/upload 文件名安全检查
  [90m[  ][0m 本地 DELETE /api/files/delete 移动到回收站...  [32m[✓][0m 本地 DELETE /api/files/delete 移动到回收站
  [90m[  ][0m 本地 DELETE /api/files/delete 永久删除...  [32m[✓][0m 本地 DELETE /api/files/delete 永久删除
  [90m[  ][0m 本地 DELETE /api/files/delete 文件不存在...  [32m[✓][0m 本地 DELETE /api/files/delete 文件不存在
  [90m[  ][0m 本地 PUT /api/files/update 无密钥访问...  [32m[✓][0m 本地 PUT /api/files/update 无密钥访问

[34m▸ 公网连通性测试[0m
  [90m[  ][0m 公网前端页面可访问...  [32m[✓][0m 公网前端页面可访问
  [90m[  ][0m 公网 /api/health 端点...  [32m[✓][0m 公网 /api/health 端点

[34m▸ 公网 API 认证测试[0m
  [90m[  ][0m 公网未认证请求返回 401...  [32m[✓][0m 公网未认证请求返回 401
  [90m[  ][0m 公网错误密钥返回 401...  [32m[✓][0m 公网错误密钥返回 401
  [90m[  ][0m 公网正确密钥返回数据...  [32m[✓][0m 公网正确密钥返回数据

[34m▸ 公网 API 端点测试[0m
  [90m[  ][0m 公网 GET /api/status...  [32m[✓][0m 公网 GET /api/status
  [90m[  ][0m 公网 GET /api/changelog...  [32m[✓][0m 公网 GET /api/changelog
  [90m[  ][0m 公网 GET /api/cron...  [32m[✓][0m 公网 GET /api/cron

[34m▸ 公网项目管理测试 (v1.4)[0m
  [90m[  ][0m 公网 GET /api/projects...  [32m[✓][0m 公网 GET /api/projects
  [90m[  ][0m 公网 项目健康状态正确...  [32m[✓][0m 公网 项目健康状态正确
  [90m[  ][0m 公网 GET /api/projects/:id...  [32m[✓][0m 公网 GET /api/projects/:id
  [90m[  ][0m 公网 读取项目状态文件...  [32m[✓][0m 公网 读取项目状态文件
  [90m[  ][0m 公网 PUT /api/projects/:id...  [32m[✓][0m 公网 PUT /api/projects/:id
  [90m[  ][0m 公网 项目路径字段存在...  [31m[✗][0m 公网 项目路径字段存在
      [31mError: Request timeout[0m
  [90m[  ][0m 公网 不存在的项目返回 404...  [32m[✓][0m 公网 不存在的项目返回 404

[34m▸ 公网数据结构测试[0m
  [90m[  ][0m 公网 Gateway 结构完整...  [32m[✓][0m 公网 Gateway 结构完整
  [90m[  ][0m 公网缓存元数据存在...  [32m[✓][0m 公网缓存元数据存在
  [90m[  ][0m 公网 Agents 结构正确...  [32m[✓][0m 公网 Agents 结构正确
  [90m[  ][0m 公网 Changelog 结构正确...  [32m[✓][0m 公网 Changelog 结构正确

[34m▸ 公网静态文件测试[0m
  [90m[  ][0m 公网 changelog.html 可访问...  [32m[✓][0m 公网 changelog.html 可访问

[34m▸ 公网缓存控制测试 (v1.5.1)[0m
  [90m[  ][0m 公网 index.html 禁用缓存...  [32m[✓][0m 公网 index.html 禁用缓存
  [90m[  ][0m 公网 projects-manage.html 禁用缓存...  [32m[✓][0m 公网 projects-manage.html 禁用缓存
  [90m[  ][0m 公网 dashboard.html 禁用缓存...  [32m[✓][0m 公网 dashboard.html 禁用缓存
  [90m[  ][0m 公网 changelog.html 禁用缓存...  [32m[✓][0m 公网 changelog.html 禁用缓存
  [90m[  ][0m 公网 assets/logo.png 允许缓存...  [32m[✓][0m 公网 assets/logo.png 允许缓存
  [90m[  ][0m 公网 src/realtime.js 允许缓存...  [32m[✓][0m 公网 src/realtime.js 允许缓存

[34m▸ 公网性能测试[0m
  [90m[  ][0m 公网 /api/health 响应 < 200ms...  [32m[✓][0m 公网 /api/health 响应 < 200ms
  [90m[  ][0m 公网 /api/status (缓存) < 500ms...  [32m[✓][0m 公网 /api/status (缓存) < 500ms

[34m▸ 公网错误处理测试[0m
  [90m[  ][0m 公网 404 返回首页...  [32m[✓][0m 公网 404 返回首页
  [90m[  ][0m 公网不存在的 API 返回错误...  [32m[✓][0m 公网不存在的 API 返回错误

[34m▸ 公网实时功能测试 (v1.5)[0m
  [90m[  ][0m 公网 POST /api/cron/:jobId/trigger 端点存在...  [32m[✓][0m 公网 POST /api/cron/:jobId/trigger 端点存在
  [90m[  ][0m 公网 WebSocket 升级路径可访问...  [32m[✓][0m 公网 WebSocket 升级路径可访问
  [90m[  ][0m 公网 src/realtime.js 可访问...  [32m[✓][0m 公网 src/realtime.js 可访问
  [90m[  ][0m 公网 src/notifications.js 可访问...  [32m[✓][0m 公网 src/notifications.js 可访问
  [90m[  ][0m 公网 dashboard.html 可访问...  [32m[✓][0m 公网 dashboard.html 可访问
  [90m[  ][0m 公网 首页包含 WebSocket 脚本...  [32m[✓][0m 公网 首页包含 WebSocket 脚本

[34m▸ 公网文件管理测试 (v1.6)[0m
  [90m[  ][0m 公网 GET /api/files/browse 浏览根目录...  [32m[✓][0m 公网 GET /api/files/browse 浏览根目录
  [90m[  ][0m 公网 GET /api/files/browse 浏览特定项目...  [32m[✓][0m 公网 GET /api/files/browse 浏览特定项目
  [90m[  ][0m 公网 GET /api/files/browse 路径遍历防护...  [32m[✓][0m 公网 GET /api/files/browse 路径遍历防护
  [90m[  ][0m 公网 GET /api/files/browse 不存在的目录...  [32m[✓][0m 公网 GET /api/files/browse 不存在的目录
  [90m[  ][0m 公网 GET /api/files/read 读取 package.json...  [32m[✓][0m 公网 GET /api/files/read 读取 package.json
  [90m[  ][0m 公网 GET /api/files/read 缺少 path 参数...  [32m[✓][0m 公网 GET /api/files/read 缺少 path 参数
  [90m[  ][0m 公网 GET /api/files/read 路径遍历防护...  [32m[✓][0m 公网 GET /api/files/read 路径遍历防护
  [90m[  ][0m 公网 GET /api/files/read 保护敏感文件...  [32m[✓][0m 公网 GET /api/files/read 保护敏感文件
  [90m[  ][0m 公网 GET /api/files/read 文件不存在...  [32m[✓][0m 公网 GET /api/files/read 文件不存在
  [90m[  ][0m 公网 GET /api/files/read 尝试读取目录...  [32m[✓][0m 公网 GET /api/files/read 尝试读取目录
  [90m[  ][0m 公网 GET /api/files/browse 无密钥访问...  [32m[✓][0m 公网 GET /api/files/browse 无密钥访问
  [90m[  ][0m 公网 GET /api/files/read 错误的密钥...  [32m[✓][0m 公网 GET /api/files/read 错误的密钥

[34m▸ 公网命令执行测试 (v1.6)[0m
  [90m[  ][0m 公网 POST /api/command/exec 执行简单命令...  [32m[✓][0m 公网 POST /api/command/exec 执行简单命令
  [90m[  ][0m 公网 POST /api/command/exec 执行 dir/ls 命令...  [32m[✓][0m 公网 POST /api/command/exec 执行 dir/ls 命令
  [90m[  ][0m 公网 POST /api/command/exec 拦截 rm -rf 命令...  [32m[✓][0m 公网 POST /api/command/exec 拦截 rm -rf 命令
  [90m[  ][0m 公网 POST /api/command/exec 拦截 sudo 命令...  [32m[✓][0m 公网 POST /api/command/exec 拦截 sudo 命令
  [90m[  ][0m 公网 POST /api/command/exec 拦截 shutdown 命令...  [32m[✓][0m 公网 POST /api/command/exec 拦截 shutdown 命令
  [90m[  ][0m 公网 POST /api/command/exec 路径遍历防护...  [32m[✓][0m 公网 POST /api/command/exec 路径遍历防护
  [90m[  ][0m 公网 POST /api/command/exec 工作目录不存在...  [32m[✓][0m 公网 POST /api/command/exec 工作目录不存在
  [90m[  ][0m 公网 POST /api/command/exec 缺少 command 参数...  [32m[✓][0m 公网 POST /api/command/exec 缺少 command 参数
  [90m[  ][0m 公网 POST /api/command/exec 命令执行失败返回非零...  [32m[✓][0m 公网 POST /api/command/exec 命令执行失败返回非零
  [90m[  ][0m 公网 POST /api/command/exec 无密钥访问...  [32m[✓][0m 公网 POST /api/command/exec 无密钥访问
  [90m[  ][0m 公网 POST /api/command/exec 错误的密钥...  [32m[✓][0m 公网 POST /api/command/exec 错误的密钥

[34m▸ 公网日志查看测试 (v1.6)[0m
  [90m[  ][0m 公网 GET /api/logs/tail 读取默认日志...  [32m[✓][0m 公网 GET /api/logs/tail 读取默认日志
  [90m[  ][0m 公网 GET /api/logs/tail 指定日志类型...  [32m[✓][0m 公网 GET /api/logs/tail 指定日志类型
  [90m[  ][0m 公网 GET /api/logs/tail 缺少 project 参数...  [32m[✓][0m 公网 GET /api/logs/tail 缺少 project 参数
  [90m[  ][0m 公网 GET /api/logs/tail 项目不存在...  [32m[✓][0m 公网 GET /api/logs/tail 项目不存在
  [90m[  ][0m 公网 GET /api/logs/tail 日志类型不存在...  [32m[✓][0m 公网 GET /api/logs/tail 日志类型不存在
  [90m[  ][0m 公网 GET /api/logs/download 下载日志文件...  [32m[✓][0m 公网 GET /api/logs/download 下载日志文件
  [90m[  ][0m 公网 GET /api/logs/download 缺少 project 参数...  [32m[✓][0m 公网 GET /api/logs/download 缺少 project 参数
  [90m[  ][0m 公网 GET /api/logs/tail 无密钥访问...  [32m[✓][0m 公网 GET /api/logs/tail 无密钥访问
  [90m[  ][0m 公网 GET /api/logs/download 错误的密钥...  [32m[✓][0m 公网 GET /api/logs/download 错误的密钥

[34m▸ 公网文件操作测试 (v1.6)[0m
  [90m[  ][0m 公网 PUT /api/files/update 创建新文件...  [32m[✓][0m 公网 PUT /api/files/update 创建新文件
  [90m[  ][0m 公网 PUT /api/files/update 更新现有文件并备份...  [32m[✓][0m 公网 PUT /api/files/update 更新现有文件并备份
  [90m[  ][0m 公网 PUT /api/files/update 缺少参数...  [32m[✓][0m 公网 PUT /api/files/update 缺少参数
  [90m[  ][0m 公网 PUT /api/files/update 拒绝修改保护文件...  [32m[✓][0m 公网 PUT /api/files/update 拒绝修改保护文件
  [90m[  ][0m 公网 POST /api/files/upload 上传新文件...  [32m[✓][0m 公网 POST /api/files/upload 上传新文件
  [90m[  ][0m 公网 POST /api/files/upload 缺少参数...  [32m[✓][0m 公网 POST /api/files/upload 缺少参数
  [90m[  ][0m 公网 POST /api/files/upload 文件名安全检查...  [32m[✓][0m 公网 POST /api/files/upload 文件名安全检查
  [90m[  ][0m 公网 DELETE /api/files/delete 移动到回收站...  [32m[✓][0m 公网 DELETE /api/files/delete 移动到回收站
  [90m[  ][0m 公网 DELETE /api/files/delete 永久删除...  [32m[✓][0m 公网 DELETE /api/files/delete 永久删除
  [90m[  ][0m 公网 DELETE /api/files/delete 文件不存在...  [32m[✓][0m 公网 DELETE /api/files/delete 文件不存在
  [90m[  ][0m 公网 PUT /api/files/update 无密钥访问...  [32m[✓][0m 公网 PUT /api/files/update 无密钥访问

[34m╔════════════════════════════════════════════╗[0m
[34m║   Test Results                            ║[0m
[34m╠════════════════════════════════════════════╣[0m
[34m║[0m   Total:  158                             [34m║[0m
[34m║[0m   [32mPassed: 156                            [0m[34m║[0m
[34m║[0m   [31mFailed: 2                              [0m[34m║[0m
[34m║[0m   Duration: 54.56s                     [34m║[0m
[34m╚════════════════════════════════════════════╝[0m

[31m✗ 2 test(s) failed[0m

